Archive member included to satisfy reference by file (symbol)

d:/soft/microchip/7.0/toolchain/avr8/avr8-gnu-toolchain/bin/../lib/gcc/avr/5.4.0/avrtiny\libgcc.a(_mulsi3.o)
                              main.o (__mulsi3)
d:/soft/microchip/7.0/toolchain/avr8/avr8-gnu-toolchain/bin/../lib/gcc/avr/5.4.0/avrtiny\libgcc.a(_udivmodsi4.o)
                              main.o (__udivmodsi4)
d:/soft/microchip/7.0/toolchain/avr8/avr8-gnu-toolchain/bin/../lib/gcc/avr/5.4.0/avrtiny\libgcc.a(_exit.o)
                              D:/Soft/Microchip/7.0/Packs/Atmel/ATtiny_DFP/2.0.368/gcc/dev/attiny10/avrtiny/crtattiny10.o (exit)
d:/soft/microchip/7.0/toolchain/avr8/avr8-gnu-toolchain/bin/../lib/gcc/avr/5.4.0/avrtiny\libgcc.a(_copy_data.o)
                              main.o (__do_copy_data)
d:/soft/microchip/7.0/toolchain/avr8/avr8-gnu-toolchain/bin/../lib/gcc/avr/5.4.0/avrtiny\libgcc.a(_clear_bss.o)
                              main.o (__do_clear_bss)

Discarded input sections

 .data          0x00000000        0x0 D:/Soft/Microchip/7.0/Packs/Atmel/ATtiny_DFP/2.0.368/gcc/dev/attiny10/avrtiny/crtattiny10.o
 .bss           0x00000000        0x0 D:/Soft/Microchip/7.0/Packs/Atmel/ATtiny_DFP/2.0.368/gcc/dev/attiny10/avrtiny/crtattiny10.o
 .text          0x00000000        0x0 adc.o
 .data          0x00000000        0x0 adc.o
 .bss           0x00000000        0x0 adc.o
 .text          0x00000000        0x0 main.o
 .data          0x00000000        0x0 main.o
 .bss           0x00000000        0x0 main.o
 .text          0x00000000        0x0 pwm.o
 .data          0x00000000        0x0 pwm.o
 .bss           0x00000000        0x0 pwm.o
 .text          0x00000000        0x0 servo.o
 .data          0x00000000        0x0 servo.o
 .bss           0x00000000        0x0 servo.o
 .text          0x00000000        0x0 d:/soft/microchip/7.0/toolchain/avr8/avr8-gnu-toolchain/bin/../lib/gcc/avr/5.4.0/avrtiny\libgcc.a(_mulsi3.o)
 .data          0x00000000        0x0 d:/soft/microchip/7.0/toolchain/avr8/avr8-gnu-toolchain/bin/../lib/gcc/avr/5.4.0/avrtiny\libgcc.a(_mulsi3.o)
 .bss           0x00000000        0x0 d:/soft/microchip/7.0/toolchain/avr8/avr8-gnu-toolchain/bin/../lib/gcc/avr/5.4.0/avrtiny\libgcc.a(_mulsi3.o)
 .text.libgcc.div
                0x00000000        0x0 d:/soft/microchip/7.0/toolchain/avr8/avr8-gnu-toolchain/bin/../lib/gcc/avr/5.4.0/avrtiny\libgcc.a(_mulsi3.o)
 .text.libgcc.prologue
                0x00000000        0x0 d:/soft/microchip/7.0/toolchain/avr8/avr8-gnu-toolchain/bin/../lib/gcc/avr/5.4.0/avrtiny\libgcc.a(_mulsi3.o)
 .text.libgcc   0x00000000        0x0 d:/soft/microchip/7.0/toolchain/avr8/avr8-gnu-toolchain/bin/../lib/gcc/avr/5.4.0/avrtiny\libgcc.a(_mulsi3.o)
 .text.libgcc.builtins
                0x00000000        0x0 d:/soft/microchip/7.0/toolchain/avr8/avr8-gnu-toolchain/bin/../lib/gcc/avr/5.4.0/avrtiny\libgcc.a(_mulsi3.o)
 .text.libgcc.fmul
                0x00000000        0x0 d:/soft/microchip/7.0/toolchain/avr8/avr8-gnu-toolchain/bin/../lib/gcc/avr/5.4.0/avrtiny\libgcc.a(_mulsi3.o)
 .text.libgcc.fixed
                0x00000000        0x0 d:/soft/microchip/7.0/toolchain/avr8/avr8-gnu-toolchain/bin/../lib/gcc/avr/5.4.0/avrtiny\libgcc.a(_mulsi3.o)
 .text          0x00000000        0x0 d:/soft/microchip/7.0/toolchain/avr8/avr8-gnu-toolchain/bin/../lib/gcc/avr/5.4.0/avrtiny\libgcc.a(_udivmodsi4.o)
 .data          0x00000000        0x0 d:/soft/microchip/7.0/toolchain/avr8/avr8-gnu-toolchain/bin/../lib/gcc/avr/5.4.0/avrtiny\libgcc.a(_udivmodsi4.o)
 .bss           0x00000000        0x0 d:/soft/microchip/7.0/toolchain/avr8/avr8-gnu-toolchain/bin/../lib/gcc/avr/5.4.0/avrtiny\libgcc.a(_udivmodsi4.o)
 .text.libgcc.mul
                0x00000000        0x0 d:/soft/microchip/7.0/toolchain/avr8/avr8-gnu-toolchain/bin/../lib/gcc/avr/5.4.0/avrtiny\libgcc.a(_udivmodsi4.o)
 .text.libgcc.prologue
                0x00000000        0x0 d:/soft/microchip/7.0/toolchain/avr8/avr8-gnu-toolchain/bin/../lib/gcc/avr/5.4.0/avrtiny\libgcc.a(_udivmodsi4.o)
 .text.libgcc   0x00000000        0x0 d:/soft/microchip/7.0/toolchain/avr8/avr8-gnu-toolchain/bin/../lib/gcc/avr/5.4.0/avrtiny\libgcc.a(_udivmodsi4.o)
 .text.libgcc.builtins
                0x00000000        0x0 d:/soft/microchip/7.0/toolchain/avr8/avr8-gnu-toolchain/bin/../lib/gcc/avr/5.4.0/avrtiny\libgcc.a(_udivmodsi4.o)
 .text.libgcc.fmul
                0x00000000        0x0 d:/soft/microchip/7.0/toolchain/avr8/avr8-gnu-toolchain/bin/../lib/gcc/avr/5.4.0/avrtiny\libgcc.a(_udivmodsi4.o)
 .text.libgcc.fixed
                0x00000000        0x0 d:/soft/microchip/7.0/toolchain/avr8/avr8-gnu-toolchain/bin/../lib/gcc/avr/5.4.0/avrtiny\libgcc.a(_udivmodsi4.o)
 .text          0x00000000        0x0 d:/soft/microchip/7.0/toolchain/avr8/avr8-gnu-toolchain/bin/../lib/gcc/avr/5.4.0/avrtiny\libgcc.a(_exit.o)
 .data          0x00000000        0x0 d:/soft/microchip/7.0/toolchain/avr8/avr8-gnu-toolchain/bin/../lib/gcc/avr/5.4.0/avrtiny\libgcc.a(_exit.o)
 .bss           0x00000000        0x0 d:/soft/microchip/7.0/toolchain/avr8/avr8-gnu-toolchain/bin/../lib/gcc/avr/5.4.0/avrtiny\libgcc.a(_exit.o)
 .text.libgcc.mul
                0x00000000        0x0 d:/soft/microchip/7.0/toolchain/avr8/avr8-gnu-toolchain/bin/../lib/gcc/avr/5.4.0/avrtiny\libgcc.a(_exit.o)
 .text.libgcc.div
                0x00000000        0x0 d:/soft/microchip/7.0/toolchain/avr8/avr8-gnu-toolchain/bin/../lib/gcc/avr/5.4.0/avrtiny\libgcc.a(_exit.o)
 .text.libgcc.prologue
                0x00000000        0x0 d:/soft/microchip/7.0/toolchain/avr8/avr8-gnu-toolchain/bin/../lib/gcc/avr/5.4.0/avrtiny\libgcc.a(_exit.o)
 .text.libgcc   0x00000000        0x0 d:/soft/microchip/7.0/toolchain/avr8/avr8-gnu-toolchain/bin/../lib/gcc/avr/5.4.0/avrtiny\libgcc.a(_exit.o)
 .text.libgcc.builtins
                0x00000000        0x0 d:/soft/microchip/7.0/toolchain/avr8/avr8-gnu-toolchain/bin/../lib/gcc/avr/5.4.0/avrtiny\libgcc.a(_exit.o)
 .text.libgcc.fmul
                0x00000000        0x0 d:/soft/microchip/7.0/toolchain/avr8/avr8-gnu-toolchain/bin/../lib/gcc/avr/5.4.0/avrtiny\libgcc.a(_exit.o)
 .text.libgcc.fixed
                0x00000000        0x0 d:/soft/microchip/7.0/toolchain/avr8/avr8-gnu-toolchain/bin/../lib/gcc/avr/5.4.0/avrtiny\libgcc.a(_exit.o)
 .text          0x00000000        0x0 d:/soft/microchip/7.0/toolchain/avr8/avr8-gnu-toolchain/bin/../lib/gcc/avr/5.4.0/avrtiny\libgcc.a(_copy_data.o)
 .data          0x00000000        0x0 d:/soft/microchip/7.0/toolchain/avr8/avr8-gnu-toolchain/bin/../lib/gcc/avr/5.4.0/avrtiny\libgcc.a(_copy_data.o)
 .bss           0x00000000        0x0 d:/soft/microchip/7.0/toolchain/avr8/avr8-gnu-toolchain/bin/../lib/gcc/avr/5.4.0/avrtiny\libgcc.a(_copy_data.o)
 .text.libgcc.mul
                0x00000000        0x0 d:/soft/microchip/7.0/toolchain/avr8/avr8-gnu-toolchain/bin/../lib/gcc/avr/5.4.0/avrtiny\libgcc.a(_copy_data.o)
 .text.libgcc.div
                0x00000000        0x0 d:/soft/microchip/7.0/toolchain/avr8/avr8-gnu-toolchain/bin/../lib/gcc/avr/5.4.0/avrtiny\libgcc.a(_copy_data.o)
 .text.libgcc.prologue
                0x00000000        0x0 d:/soft/microchip/7.0/toolchain/avr8/avr8-gnu-toolchain/bin/../lib/gcc/avr/5.4.0/avrtiny\libgcc.a(_copy_data.o)
 .text.libgcc   0x00000000        0x0 d:/soft/microchip/7.0/toolchain/avr8/avr8-gnu-toolchain/bin/../lib/gcc/avr/5.4.0/avrtiny\libgcc.a(_copy_data.o)
 .text.libgcc.builtins
                0x00000000        0x0 d:/soft/microchip/7.0/toolchain/avr8/avr8-gnu-toolchain/bin/../lib/gcc/avr/5.4.0/avrtiny\libgcc.a(_copy_data.o)
 .text.libgcc.fmul
                0x00000000        0x0 d:/soft/microchip/7.0/toolchain/avr8/avr8-gnu-toolchain/bin/../lib/gcc/avr/5.4.0/avrtiny\libgcc.a(_copy_data.o)
 .text.libgcc.fixed
                0x00000000        0x0 d:/soft/microchip/7.0/toolchain/avr8/avr8-gnu-toolchain/bin/../lib/gcc/avr/5.4.0/avrtiny\libgcc.a(_copy_data.o)
 .text          0x00000000        0x0 d:/soft/microchip/7.0/toolchain/avr8/avr8-gnu-toolchain/bin/../lib/gcc/avr/5.4.0/avrtiny\libgcc.a(_clear_bss.o)
 .data          0x00000000        0x0 d:/soft/microchip/7.0/toolchain/avr8/avr8-gnu-toolchain/bin/../lib/gcc/avr/5.4.0/avrtiny\libgcc.a(_clear_bss.o)
 .bss           0x00000000        0x0 d:/soft/microchip/7.0/toolchain/avr8/avr8-gnu-toolchain/bin/../lib/gcc/avr/5.4.0/avrtiny\libgcc.a(_clear_bss.o)
 .text.libgcc.mul
                0x00000000        0x0 d:/soft/microchip/7.0/toolchain/avr8/avr8-gnu-toolchain/bin/../lib/gcc/avr/5.4.0/avrtiny\libgcc.a(_clear_bss.o)
 .text.libgcc.div
                0x00000000        0x0 d:/soft/microchip/7.0/toolchain/avr8/avr8-gnu-toolchain/bin/../lib/gcc/avr/5.4.0/avrtiny\libgcc.a(_clear_bss.o)
 .text.libgcc.prologue
                0x00000000        0x0 d:/soft/microchip/7.0/toolchain/avr8/avr8-gnu-toolchain/bin/../lib/gcc/avr/5.4.0/avrtiny\libgcc.a(_clear_bss.o)
 .text.libgcc   0x00000000        0x0 d:/soft/microchip/7.0/toolchain/avr8/avr8-gnu-toolchain/bin/../lib/gcc/avr/5.4.0/avrtiny\libgcc.a(_clear_bss.o)
 .text.libgcc.builtins
                0x00000000        0x0 d:/soft/microchip/7.0/toolchain/avr8/avr8-gnu-toolchain/bin/../lib/gcc/avr/5.4.0/avrtiny\libgcc.a(_clear_bss.o)
 .text.libgcc.fmul
                0x00000000        0x0 d:/soft/microchip/7.0/toolchain/avr8/avr8-gnu-toolchain/bin/../lib/gcc/avr/5.4.0/avrtiny\libgcc.a(_clear_bss.o)
 .text.libgcc.fixed
                0x00000000        0x0 d:/soft/microchip/7.0/toolchain/avr8/avr8-gnu-toolchain/bin/../lib/gcc/avr/5.4.0/avrtiny\libgcc.a(_clear_bss.o)

Memory Configuration

Name             Origin             Length             Attributes
text             0x00000000         0x00000400         xr
data             0x00800040         0x00000020         rw !x
config           0x00820000         0x00000001         rw !x
lock             0x00830000         0x00000002         rw !x
signature        0x00840000         0x00000004         rw !x
*default*        0x00000000         0xffffffff

Linker script and memory map

                0x00004000                __RODATA_PM_OFFSET__ = 0x4000
LOAD D:/Soft/Microchip/7.0/Packs/Atmel/ATtiny_DFP/2.0.368/gcc/dev/attiny10/avrtiny/crtattiny10.o
LOAD adc.o
LOAD main.o
LOAD pwm.o
LOAD servo.o
START GROUP
LOAD d:/soft/microchip/7.0/toolchain/avr8/avr8-gnu-toolchain/bin/../lib/gcc/avr/5.4.0/../../../../avr/lib/avrtiny\libm.a
END GROUP
START GROUP
LOAD d:/soft/microchip/7.0/toolchain/avr8/avr8-gnu-toolchain/bin/../lib/gcc/avr/5.4.0/avrtiny\libgcc.a
LOAD d:/soft/microchip/7.0/toolchain/avr8/avr8-gnu-toolchain/bin/../lib/gcc/avr/5.4.0/../../../../avr/lib/avrtiny\libm.a
LOAD d:/soft/microchip/7.0/toolchain/avr8/avr8-gnu-toolchain/bin/../lib/gcc/avr/5.4.0/../../../../avr/lib/avrtiny\libc.a
LOAD D:/Soft/Microchip/7.0/Packs/Atmel/ATtiny_DFP/2.0.368/gcc/dev/attiny10/avrtiny\libattiny10.a
END GROUP
                0x00000000                __TEXT_REGION_ORIGIN__ = DEFINED (__TEXT_REGION_ORIGIN__)?__TEXT_REGION_ORIGIN__:0x0
                [0x00800040]                __DATA_REGION_ORIGIN__ = DEFINED (__DATA_REGION_ORIGIN__)?__DATA_REGION_ORIGIN__:0x800040
                [0x00000400]                __TEXT_REGION_LENGTH__ = DEFINED (__TEXT_REGION_LENGTH__)?__TEXT_REGION_LENGTH__:0x1000
                [0x00000020]                __DATA_REGION_LENGTH__ = DEFINED (__DATA_REGION_LENGTH__)?__DATA_REGION_LENGTH__:0x100
                [0x00000001]                __FUSE_REGION_LENGTH__ = DEFINED (__FUSE_REGION_LENGTH__)?__FUSE_REGION_LENGTH__:0x2
                0x00000002                __LOCK_REGION_LENGTH__ = DEFINED (__LOCK_REGION_LENGTH__)?__LOCK_REGION_LENGTH__:0x2
                0x00000004                __SIGNATURE_REGION_LENGTH__ = DEFINED (__SIGNATURE_REGION_LENGTH__)?__SIGNATURE_REGION_LENGTH__:0x4
                0x00004000                __RODATA_PM_OFFSET__ = DEFINED (__RODATA_PM_OFFSET__)?__RODATA_PM_OFFSET__:0x4000

.hash
 *(.hash)

.dynsym
 *(.dynsym)

.dynstr
 *(.dynstr)

.gnu.version
 *(.gnu.version)

.gnu.version_d
 *(.gnu.version_d)

.gnu.version_r
 *(.gnu.version_r)

.rel.init
 *(.rel.init)

.rela.init
 *(.rela.init)

.rel.text
 *(.rel.text)
 *(.rel.text.*)
 *(.rel.gnu.linkonce.t*)

.rela.text
 *(.rela.text)
 *(.rela.text.*)
 *(.rela.gnu.linkonce.t*)

.rel.fini
 *(.rel.fini)

.rela.fini
 *(.rela.fini)

.rel.rodata
 *(.rel.rodata)
 *(.rel.rodata.*)
 *(.rel.gnu.linkonce.r*)

.rela.rodata
 *(.rela.rodata)
 *(.rela.rodata.*)
 *(.rela.gnu.linkonce.r*)

.rel.data
 *(.rel.data)
 *(.rel.data.*)
 *(.rel.gnu.linkonce.d*)

.rela.data
 *(.rela.data)
 *(.rela.data.*)
 *(.rela.gnu.linkonce.d*)

.rel.ctors
 *(.rel.ctors)

.rela.ctors
 *(.rela.ctors)

.rel.dtors
 *(.rel.dtors)

.rela.dtors
 *(.rela.dtors)

.rel.got
 *(.rel.got)

.rela.got
 *(.rela.got)

.rel.bss
 *(.rel.bss)

.rela.bss
 *(.rela.bss)

.rel.plt
 *(.rel.plt)

.rela.plt
 *(.rela.plt)

.text           0x00000000      0x292
 *(.vectors)
 .vectors       0x00000000       0x16 D:/Soft/Microchip/7.0/Packs/Atmel/ATtiny_DFP/2.0.368/gcc/dev/attiny10/avrtiny/crtattiny10.o
                0x00000000                __vector_default
                0x00000000                __vectors
 *(.vectors)
 *(.progmem.gcc*)
                0x00000016                . = ALIGN (0x2)
                0x00000016                __trampolines_start = .
 *(.trampolines)
 .trampolines   0x00000016        0x0 linker stubs
 *(.trampolines*)
                0x00000016                __trampolines_end = .
 *libprintf_flt.a:*(.progmem.data)
 *libc.a:*(.progmem.data)
 *(.progmem*)
                0x00000016                . = ALIGN (0x2)
 *(.jumptables)
 *(.jumptables*)
 *(.lowtext)
 *(.lowtext*)
                0x00000016                __ctors_start = .
 *(.ctors)
                0x00000016                __ctors_end = .
                0x00000016                __dtors_start = .
 *(.dtors)
                0x00000016                __dtors_end = .
 SORT(*)(.ctors)
 SORT(*)(.dtors)
 *(.init0)
 .init0         0x00000016        0x0 D:/Soft/Microchip/7.0/Packs/Atmel/ATtiny_DFP/2.0.368/gcc/dev/attiny10/avrtiny/crtattiny10.o
                0x00000016                __init
 *(.init0)
 *(.init1)
 *(.init1)
 *(.init2)
 .init2         0x00000016        0xc D:/Soft/Microchip/7.0/Packs/Atmel/ATtiny_DFP/2.0.368/gcc/dev/attiny10/avrtiny/crtattiny10.o
 *(.init2)
 *(.init3)
 *(.init3)
 *(.init4)
 .init4         0x00000022       0x16 d:/soft/microchip/7.0/toolchain/avr8/avr8-gnu-toolchain/bin/../lib/gcc/avr/5.4.0/avrtiny\libgcc.a(_copy_data.o)
                0x00000022                __do_copy_data
 .init4         0x00000038       0x10 d:/soft/microchip/7.0/toolchain/avr8/avr8-gnu-toolchain/bin/../lib/gcc/avr/5.4.0/avrtiny\libgcc.a(_clear_bss.o)
                0x00000038                __do_clear_bss
 *(.init4)
 *(.init5)
 *(.init5)
 *(.init6)
 *(.init6)
 *(.init7)
 *(.init7)
 *(.init8)
 *(.init8)
 *(.init9)
 .init9         0x00000048        0x4 D:/Soft/Microchip/7.0/Packs/Atmel/ATtiny_DFP/2.0.368/gcc/dev/attiny10/avrtiny/crtattiny10.o
 *(.init9)
 *(.text)
 .text          0x0000004c        0x2 D:/Soft/Microchip/7.0/Packs/Atmel/ATtiny_DFP/2.0.368/gcc/dev/attiny10/avrtiny/crtattiny10.o
                0x0000004c                __bad_interrupt
                0x0000004c                __vector_6
                0x0000004c                __vector_3
                0x0000004c                __vector_7
                0x0000004c                __vector_5
                0x0000004c                __vector_9
                0x0000004c                __vector_2
                0x0000004c                __vector_8
                0x0000004c                __vector_10
                0x0000004e                . = ALIGN (0x2)
 *(.text.*)
 .text.adc_init
                0x0000004e        0xa adc.o
                0x0000004e                adc_init
 .text.adc_get_val
                0x00000058        0xc adc.o
                0x00000058                adc_get_val
 .text.__vector_4
                0x00000064       0x30 main.o
                0x00000064                __vector_4
 .text.__vector_1
                0x00000094       0x34 main.o
                0x00000094                __vector_1
 .text.button_init
                0x000000c8        0xe main.o
                0x000000c8                button_init
 .text.startup.main
                0x000000d6       0xfa main.o
                0x000000d6                main
 .text.pwm_init
                0x000001d0       0x18 pwm.o
                0x000001d0                pwm_init
 .text.servo_init
                0x000001e8        0x2 servo.o
                0x000001e8                servo_init
 .text.servo_set_position
                0x000001ea        0x6 servo.o
                0x000001ea                servo_set_position
 .text.libgcc.mul
                0x000001f0       0x50 d:/soft/microchip/7.0/toolchain/avr8/avr8-gnu-toolchain/bin/../lib/gcc/avr/5.4.0/avrtiny\libgcc.a(_mulsi3.o)
                0x000001f0                __mulsi3
                0x00000208                __mulsi3_helper
 .text.libgcc.div
                0x00000240       0x4e d:/soft/microchip/7.0/toolchain/avr8/avr8-gnu-toolchain/bin/../lib/gcc/avr/5.4.0/avrtiny\libgcc.a(_udivmodsi4.o)
                0x00000240                __udivmodsi4
                0x0000028e                . = ALIGN (0x2)
 *(.fini9)
 .fini9         0x0000028e        0x0 d:/soft/microchip/7.0/toolchain/avr8/avr8-gnu-toolchain/bin/../lib/gcc/avr/5.4.0/avrtiny\libgcc.a(_exit.o)
                0x0000028e                _exit
                0x0000028e                exit
 *(.fini9)
 *(.fini8)
 *(.fini8)
 *(.fini7)
 *(.fini7)
 *(.fini6)
 *(.fini6)
 *(.fini5)
 *(.fini5)
 *(.fini4)
 *(.fini4)
 *(.fini3)
 *(.fini3)
 *(.fini2)
 *(.fini2)
 *(.fini1)
 *(.fini1)
 *(.fini0)
 .fini0         0x0000028e        0x4 d:/soft/microchip/7.0/toolchain/avr8/avr8-gnu-toolchain/bin/../lib/gcc/avr/5.4.0/avrtiny\libgcc.a(_exit.o)
 *(.fini0)
                0x00000292                _etext = .

.rodata
 *(.rodata)
 *(.rodata*)
 *(.gnu.linkonce.r*)

.data           0x00800040        0x8 load address 0x00000292
                0x00800040                PROVIDE (__data_start, .)
 *(.data)
 *(.data*)
 .data.servo_central_pwm_value
                0x00800040        0x2 main.o
                0x00800040                servo_central_pwm_value
 .data.servo_maximum_pwm_value
                0x00800042        0x2 main.o
                0x00800042                servo_maximum_pwm_value
 .data.servo_minimal_pwm_value
                0x00800044        0x2 main.o
                0x00800044                servo_minimal_pwm_value
 .data.button_flag
                0x00800046        0x1 main.o
                0x00800046                button_flag
 *(.gnu.linkonce.d*)
                0x00800048                . = ALIGN (0x2)
 *fill*         0x00800047        0x1 
                0x00800048                _edata = .
                0x00800048                PROVIDE (__data_end, .)

.bss            0x00800048        0x2
                0x00800048                PROVIDE (__bss_start, .)
 *(.bss)
 *(.bss*)
 .bss.delay_counter.1748
                0x00800048        0x1 main.o
 .bss.mode_flag
                0x00800049        0x1 main.o
                0x00800049                mode_flag
 *(COMMON)
                0x0080004a                PROVIDE (__bss_end, .)
                0x00000292                __data_load_start = LOADADDR (.data)
                0x0000029a                __data_load_end = (__data_load_start + SIZEOF (.data))

.noinit         0x0080004a        0x0
                [!provide]                PROVIDE (__noinit_start, .)
 *(.noinit*)
                [!provide]                PROVIDE (__noinit_end, .)
                0x0080004a                _end = .
                [!provide]                PROVIDE (__heap_start, .)

.lock
 *(.lock*)

.signature
 *(.signature*)

.config
 *(.config*)

.stab
 *(.stab)

.stabstr
 *(.stabstr)

.stab.excl
 *(.stab.excl)

.stab.exclstr
 *(.stab.exclstr)

.stab.index
 *(.stab.index)

.stab.indexstr
 *(.stab.indexstr)

.comment        0x00000000       0x30
 *(.comment)
 .comment       0x00000000       0x30 adc.o
                                 0x31 (size before relaxing)
 .comment       0x00000030       0x31 main.o
 .comment       0x00000030       0x31 pwm.o
 .comment       0x00000030       0x31 servo.o

.note.gnu.avr.deviceinfo
                0x00000000       0x3c
 .note.gnu.avr.deviceinfo
                0x00000000       0x3c D:/Soft/Microchip/7.0/Packs/Atmel/ATtiny_DFP/2.0.368/gcc/dev/attiny10/avrtiny/crtattiny10.o

.note.gnu.build-id
 *(.note.gnu.build-id)

.debug
 *(.debug)

.line
 *(.line)

.debug_srcinfo
 *(.debug_srcinfo)

.debug_sfnames
 *(.debug_sfnames)

.debug_aranges
 *(.debug_aranges)

.debug_pubnames
 *(.debug_pubnames)

.debug_info     0x00000000      0x305
 *(.debug_info .gnu.linkonce.wi.*)
 .debug_info    0x00000000      0x305 D:/Soft/Microchip/7.0/Packs/Atmel/ATtiny_DFP/2.0.368/gcc/dev/attiny10/avrtiny/crtattiny10.o

.debug_abbrev   0x00000000      0x2d9
 *(.debug_abbrev)
 .debug_abbrev  0x00000000      0x2d9 D:/Soft/Microchip/7.0/Packs/Atmel/ATtiny_DFP/2.0.368/gcc/dev/attiny10/avrtiny/crtattiny10.o

.debug_line     0x00000000       0xd9
 *(.debug_line .debug_line.* .debug_line_end)
 .debug_line    0x00000000       0xd9 D:/Soft/Microchip/7.0/Packs/Atmel/ATtiny_DFP/2.0.368/gcc/dev/attiny10/avrtiny/crtattiny10.o

.debug_frame
 *(.debug_frame)

.debug_str      0x00000000      0x115
 *(.debug_str)
 .debug_str     0x00000000      0x115 D:/Soft/Microchip/7.0/Packs/Atmel/ATtiny_DFP/2.0.368/gcc/dev/attiny10/avrtiny/crtattiny10.o

.debug_loc
 *(.debug_loc)

.debug_macinfo
 *(.debug_macinfo)

.debug_weaknames
 *(.debug_weaknames)

.debug_funcnames
 *(.debug_funcnames)

.debug_typenames
 *(.debug_typenames)

.debug_varnames
 *(.debug_varnames)

.debug_pubtypes
 *(.debug_pubtypes)

.debug_ranges
 *(.debug_ranges)

.debug_macro
 *(.debug_macro)
OUTPUT(Servo_tester.elf elf32-avr)
LOAD linker stubs
